MPLINK 5.09, LINKER
Linker Map File - Created Fri Jul 30 20:08:03 2021

                                 Section Info
                  Section       Type    Address   Location Size(Bytes)
                ---------  ---------  ---------  ---------  ---------
                   .org_0       code   0x000000    program   0x000038
                   .cinit    romdata   0x00001c    program   0x000004
.config_2007_BUILD/DEFAULT/PRODUCTION/MAIN.O       code   0x002007    program   0x000002



                              Program Memory Usage 
                               Start         End      
                           ---------   ---------      
                            0x000000    0x00001d      
                            0x002007    0x002007      
            31 out of 8454 program addresses used, program memory utilization is 0%



                              Symbols - Sorted by Name
                     Name    Address   Location    Storage File                     
                ---------  ---------  ---------  --------- ---------                
                    LOOP1   0x00000d    program     static C:\Users\Gaelle\MPLABXProjects\BLINKING-LED.X\main.asm
                    LOOP2   0x000013    program     static C:\Users\Gaelle\MPLABXProjects\BLINKING-LED.X\main.asm
                    LOOP3   0x000019    program     static C:\Users\Gaelle\MPLABXProjects\BLINKING-LED.X\main.asm
                    START   0x000009    program     static C:\Users\Gaelle\MPLABXProjects\BLINKING-LED.X\main.asm



                              Symbols - Sorted by Address
                     Name    Address   Location    Storage File                     
                ---------  ---------  ---------  --------- ---------                
                    START   0x000009    program     static C:\Users\Gaelle\MPLABXProjects\BLINKING-LED.X\main.asm
                    LOOP1   0x00000d    program     static C:\Users\Gaelle\MPLABXProjects\BLINKING-LED.X\main.asm
                    LOOP2   0x000013    program     static C:\Users\Gaelle\MPLABXProjects\BLINKING-LED.X\main.asm
                    LOOP3   0x000019    program     static C:\Users\Gaelle\MPLABXProjects\BLINKING-LED.X\main.asm


